time=2026-06-02T12:03:45.568+05:30 level=INFO msg="dashboard ready" url=http://localhost:8080
time=2026-06-02T12:03:46.476+05:30 level=INFO msg="charger configured" cp_id=AC1 cms_url=ws://localhost:9000/ocpp/AC1 max_w=22000 phases=3
time=2026-06-02T12:03:46.476+05:30 level=INFO msg=connecting cp_id=AC1 url=ws://localhost:9000/ocpp/AC1
time=2026-06-02T12:03:46.486+05:30 level=INFO msg="ws connected" cp_id=AC1 layer=ws url=ws://localhost:9000/ocpp/AC1 subprotocol=ocpp1.6
time=2026-06-02T12:03:46.486+05:30 level=INFO msg="→ out" cp_id=AC1 action=BootNotification msg_id=3bf8f74a-4806-4bae-ba11-4239fbf02ffe payload="{\"chargePointVendor\":\"TobOR Sim\",\"chargePointModel\":\"Virtual AC 22kW\",\"chargePointSerialNumber\":\"AC1\",\"firmwareVersion\":\"0.1.0-sim\"}"
time=2026-06-02T12:03:46.487+05:30 level=INFO msg="← in" cp_id=AC1 type=CALLRESULT action=BootNotification msg_id=3bf8f74a-4806-4bae-ba11-4239fbf02ffe payload="{\"currentTime\":\"2026-06-02T06:33:46.4874449Z\",\"interval\":30,\"status\":\"Accepted\"}" rt_ms=0
time=2026-06-02T12:03:46.487+05:30 level=INFO msg="boot accepted" cp_id=AC1 interval=30s cms_time=2026-06-02T06:33:46Z
time=2026-06-02T12:03:46.487+05:30 level=INFO msg="→ out" cp_id=AC1 action=StatusNotification msg_id=aa17389a-4949-45ef-bb59-21e74b097bfb payload="{\"connectorId\":0,\"errorCode\":\"NoError\",\"status\":\"Available\",\"timestamp\":\"2026-06-02T06:33:46.4879713Z\"}"
time=2026-06-02T12:03:46.488+05:30 level=INFO msg="→ out" cp_id=AC1 action=StatusNotification msg_id=7046a3d8-8db5-4fec-a6d7-b4e7b06b4f0c payload="{\"connectorId\":1,\"errorCode\":\"NoError\",\"status\":\"Available\",\"timestamp\":\"2026-06-02T06:33:46.4885006Z\"}"
time=2026-06-02T12:03:46.489+05:30 level=INFO msg="← in" cp_id=AC1 type=CALLRESULT action=StatusNotification msg_id=aa17389a-4949-45ef-bb59-21e74b097bfb payload={} rt_ms=1
time=2026-06-02T12:03:46.489+05:30 level=INFO msg="← in" cp_id=AC1 type=CALLRESULT action=StatusNotification msg_id=7046a3d8-8db5-4fec-a6d7-b4e7b06b4f0c payload={} rt_ms=0
time=2026-06-02T12:03:47.359+05:30 level=INFO msg="[event] plug-in" cp_id=AC1 connector=1
time=2026-06-02T12:03:47.359+05:30 level=INFO msg="→ out" cp_id=AC1 action=StatusNotification msg_id=829ebd04-4775-469c-9785-13eeb82b01bc payload="{\"connectorId\":1,\"errorCode\":\"NoError\",\"status\":\"Preparing\",\"timestamp\":\"2026-06-02T06:33:47.3595484Z\"}"
time=2026-06-02T12:03:47.360+05:30 level=INFO msg="← in" cp_id=AC1 type=CALLRESULT action=StatusNotification msg_id=829ebd04-4775-469c-9785-13eeb82b01bc payload={} rt_ms=0
time=2026-06-02T12:03:47.684+05:30 level=INFO msg="[event] start charging" cp_id=AC1 connector=1 id_tag=TEST
time=2026-06-02T12:03:47.694+05:30 level=INFO msg="→ out" cp_id=AC1 action=Authorize msg_id=c366e0b0-3c88-43c5-958a-2eb72e67fef6 payload="{\"idTag\":\"TEST\"}"
time=2026-06-02T12:03:47.695+05:30 level=INFO msg="← in" cp_id=AC1 type=CALLRESULT action=Authorize msg_id=c366e0b0-3c88-43c5-958a-2eb72e67fef6 payload="{\"idTagInfo\":{\"status\":\"Accepted\"}}" rt_ms=1
time=2026-06-02T12:03:47.695+05:30 level=INFO msg="authorize accepted" cp_id=AC1 id_tag=TEST
time=2026-06-02T12:03:47.696+05:30 level=INFO msg="→ out" cp_id=AC1 action=StartTransaction msg_id=2ee81e87-1aca-457e-8e6f-23e34d5bd0bd payload="{\"connectorId\":1,\"idTag\":\"TEST\",\"meterStart\":0,\"timestamp\":\"2026-06-02T06:33:47.6963363Z\"}"
time=2026-06-02T12:03:47.696+05:30 level=INFO msg="← in" cp_id=AC1 type=CALLRESULT action=StartTransaction msg_id=2ee81e87-1aca-457e-8e6f-23e34d5bd0bd payload="{\"idTagInfo\":{\"status\":\"Accepted\"},\"transactionId\":1001}" rt_ms=0
time=2026-06-02T12:03:47.696+05:30 level=INFO msg="→ out" cp_id=AC1 action=StatusNotification msg_id=7acba6f6-ce4a-485a-b835-050137de2e5e payload="{\"connectorId\":1,\"errorCode\":\"NoError\",\"status\":\"Charging\",\"timestamp\":\"2026-06-02T06:33:47.6968535Z\"}"
time=2026-06-02T12:03:47.697+05:30 level=INFO msg="transaction started" cp_id=AC1 tx_id=1001 meter_start_wh=0
time=2026-06-02T12:03:47.697+05:30 level=INFO msg="← in" cp_id=AC1 type=CALLRESULT action=StatusNotification msg_id=7acba6f6-ce4a-485a-b835-050137de2e5e payload={} rt_ms=0
time=2026-06-02T12:03:51.488+05:30 level=INFO msg="→ out" cp_id=AC1 action=MeterValues msg_id=616a3585-abaa-4acb-b997-d871c7e945fd payload="{\"connectorId\":1,\"transactionId\":1001,\"meterValue\":[{\"timestamp\":\"2026-06-02T06:33:51.4881134Z\",\"sampledValue\":[{\"value\":\"23\",\"context\":\"Sample.Periodic\",\"measurand\":\"Energy.Active.Import.Register\",\"location\":\"Outlet\",\"unit\":\"Wh\"},{\"value\":\"22000.0\",\"context\":\"Sample.Periodic\",\"measurand\":\"Power.Active.Import\",\"location\":\"Outlet\",\"unit\":\"W\"},{\"value\":\"399.4\",\"context\":\"Sample.Periodic\",\"measurand\":\"Voltage\",\"phase\":\"L1\",\"location\":\"Outlet\",\"unit\":\"V\"},{\"value\":\"32.08\",\"context\":\"Sample.Periodic\",\"measurand\":\"Current.Import\",\"phase\":\"L1\",\"location\":\"Outlet\",\"unit\":\"A\"},{\"value\":\"399.4\",\"context\":\"Sample.Periodic\",\"measurand\":\"Voltage\",\"phase\":\"L2\",\"location\":\"Outlet\",\"unit\":\"V\"},{\"value\":\"32.08\",\"context\":\"Sample.Periodic\",\"measurand\":\"Current.Import\",\"phase\":\"L2\",\"location\":\"Outlet\",\"unit\":\"A\"},{\"value\":\"399.4\",\"context\":\"Sample.Periodic\",\"measurand\":\"Voltage\",\"phase\":\"L3\",\"location\":\"Outlet\",\"unit\":\"V\"},{\"value\":\"32.08\",\"context\":\"Sample.Periodic\",\"measurand\":\"Current.Import\",\"phase\":\"L3\",\"location\":\"Outlet\",\"unit\":\"A\"}]}]}"
time=2026-06-02T12:03:51.489+05:30 level=INFO msg="meter sample" cp_id=AC1 connector=1 tx_id=1001 energy_wh=23 power_w=22000 current_a=32.1 voltage_v=399.4 soc=0.0
time=2026-06-02T12:03:51.491+05:30 level=INFO msg="← in" cp_id=AC1 type=CALLRESULT action=MeterValues msg_id=616a3585-abaa-4acb-b997-d871c7e945fd payload={} rt_ms=2
time=2026-06-02T12:03:52.721+05:30 level=INFO msg="[event] stop charging" cp_id=AC1 connector=1
time=2026-06-02T12:03:52.731+05:30 level=INFO msg="→ out" cp_id=AC1 action=StatusNotification msg_id=f6694165-4ea3-42e5-940f-90ff0ac0c603 payload="{\"connectorId\":1,\"errorCode\":\"NoError\",\"status\":\"Finishing\",\"timestamp\":\"2026-06-02T06:33:52.7319725Z\"}"
time=2026-06-02T12:03:52.732+05:30 level=INFO msg="→ out" cp_id=AC1 action=StopTransaction msg_id=5ee94242-ea06-421c-aba4-21eb6e5072cc payload="{\"idTag\":\"TEST\",\"meterStop\":30,\"timestamp\":\"2026-06-02T06:33:52.7319725Z\",\"transactionId\":1001,\"reason\":\"Local\"}"
time=2026-06-02T12:03:52.732+05:30 level=INFO msg="← in" cp_id=AC1 type=CALLRESULT action=StatusNotification msg_id=f6694165-4ea3-42e5-940f-90ff0ac0c603 payload={} rt_ms=0
time=2026-06-02T12:03:52.733+05:30 level=INFO msg="← in" cp_id=AC1 type=CALLRESULT action=StopTransaction msg_id=5ee94242-ea06-421c-aba4-21eb6e5072cc payload="{\"idTagInfo\":{\"status\":\"Accepted\"}}" rt_ms=0
time=2026-06-02T12:03:52.733+05:30 level=INFO msg="transaction stopped" cp_id=AC1 tx_id=1001 energy_wh=30 duration=5s reason=Local
time=2026-06-02T12:03:52.733+05:30 level=INFO msg="→ out" cp_id=AC1 action=StatusNotification msg_id=9f832c73-82e1-48f9-a15f-edae87872307 payload="{\"connectorId\":1,\"errorCode\":\"NoError\",\"status\":\"Available\",\"timestamp\":\"2026-06-02T06:33:52.7336159Z\"}"
time=2026-06-02T12:03:52.734+05:30 level=INFO msg="← in" cp_id=AC1 type=CALLRESULT action=StatusNotification msg_id=9f832c73-82e1-48f9-a15f-edae87872307 payload={} rt_ms=0
time=2026-06-02T12:03:53.335+05:30 level=INFO msg="charger configured" cp_id=AC2 cms_url=ws://localhost:9000/ocpp/AC2 max_w=22000 phases=3
time=2026-06-02T12:03:53.335+05:30 level=INFO msg="shutting down" cp_id=AC1 reason="context canceled"
time=2026-06-02T12:03:53.335+05:30 level=INFO msg=connecting cp_id=AC2 url=ws://localhost:9000/ocpp/AC2
time=2026-06-02T12:03:53.351+05:30 level=INFO msg="ws connected" cp_id=AC2 layer=ws url=ws://localhost:9000/ocpp/AC2 subprotocol=ocpp1.6
time=2026-06-02T12:03:53.352+05:30 level=INFO msg="→ out" cp_id=AC2 action=BootNotification msg_id=c2e2bf46-fb77-4ebc-bfb0-c7daa8c66fc1 payload="{\"chargePointVendor\":\"TobOR Sim\",\"chargePointModel\":\"Virtual AC 22kW\",\"chargePointSerialNumber\":\"AC2\",\"firmwareVersion\":\"0.1.0-sim\"}"
time=2026-06-02T12:03:53.352+05:30 level=INFO msg="← in" cp_id=AC2 type=CALLRESULT action=BootNotification msg_id=c2e2bf46-fb77-4ebc-bfb0-c7daa8c66fc1 payload="{\"currentTime\":\"2026-06-02T06:33:53.3520918Z\",\"interval\":30,\"status\":\"Accepted\"}" rt_ms=0
time=2026-06-02T12:03:53.352+05:30 level=INFO msg="boot accepted" cp_id=AC2 interval=30s cms_time=2026-06-02T06:33:53Z
time=2026-06-02T12:03:53.352+05:30 level=INFO msg="→ out" cp_id=AC2 action=StatusNotification msg_id=209bf3f7-e978-4c14-b2eb-de8d99d5924d payload="{\"connectorId\":0,\"errorCode\":\"NoError\",\"status\":\"Available\",\"timestamp\":\"2026-06-02T06:33:53.3526105Z\"}"
time=2026-06-02T12:03:53.353+05:30 level=INFO msg="→ out" cp_id=AC2 action=StatusNotification msg_id=80cb590f-eae2-42a2-b2a0-860166331553 payload="{\"connectorId\":1,\"errorCode\":\"NoError\",\"status\":\"Available\",\"timestamp\":\"2026-06-02T06:33:53.3531586Z\"}"
time=2026-06-02T12:03:53.353+05:30 level=INFO msg="→ out" cp_id=AC2 action=StatusNotification msg_id=146c629e-d69e-4b68-aae4-b5f69a8d3e6e payload="{\"connectorId\":2,\"errorCode\":\"NoError\",\"status\":\"Available\",\"timestamp\":\"2026-06-02T06:33:53.3531586Z\"}"
time=2026-06-02T12:03:53.353+05:30 level=INFO msg="← in" cp_id=AC2 type=CALLRESULT action=StatusNotification msg_id=209bf3f7-e978-4c14-b2eb-de8d99d5924d payload={} rt_ms=1
time=2026-06-02T12:03:53.353+05:30 level=INFO msg="← in" cp_id=AC2 type=CALLRESULT action=StatusNotification msg_id=80cb590f-eae2-42a2-b2a0-860166331553 payload={} rt_ms=0
time=2026-06-02T12:03:53.354+05:30 level=INFO msg="← in" cp_id=AC2 type=CALLRESULT action=StatusNotification msg_id=146c629e-d69e-4b68-aae4-b5f69a8d3e6e payload={} rt_ms=1
time=2026-06-02T12:03:54.187+05:30 level=INFO msg="[event] plug-in" cp_id=AC2 connector=2
time=2026-06-02T12:03:54.187+05:30 level=INFO msg="→ out" cp_id=AC2 action=StatusNotification msg_id=1242a968-83bb-42be-9bc8-16cb7484d50f payload="{\"connectorId\":2,\"errorCode\":\"NoError\",\"status\":\"Preparing\",\"timestamp\":\"2026-06-02T06:33:54.1870295Z\"}"
time=2026-06-02T12:03:54.187+05:30 level=INFO msg="← in" cp_id=AC2 type=CALLRESULT action=StatusNotification msg_id=1242a968-83bb-42be-9bc8-16cb7484d50f payload={} rt_ms=0
time=2026-06-02T12:03:54.502+05:30 level=INFO msg="[event] start charging" cp_id=AC2 connector=2 id_tag=RFID2
time=2026-06-02T12:03:54.513+05:30 level=INFO msg="→ out" cp_id=AC2 action=Authorize msg_id=849fdf3b-c483-4804-8575-4ebbe022f86d payload="{\"idTag\":\"RFID2\"}"
time=2026-06-02T12:03:54.514+05:30 level=INFO msg="← in" cp_id=AC2 type=CALLRESULT action=Authorize msg_id=849fdf3b-c483-4804-8575-4ebbe022f86d payload="{\"idTagInfo\":{\"status\":\"Accepted\"}}" rt_ms=0
time=2026-06-02T12:03:54.514+05:30 level=INFO msg="authorize accepted" cp_id=AC2 id_tag=RFID2
time=2026-06-02T12:03:54.514+05:30 level=INFO msg="→ out" cp_id=AC2 action=StartTransaction msg_id=573c4d61-6685-43e7-98bc-5501a44427f0 payload="{\"connectorId\":2,\"idTag\":\"RFID2\",\"meterStart\":0,\"timestamp\":\"2026-06-02T06:33:54.5148226Z\"}"
time=2026-06-02T12:03:54.515+05:30 level=INFO msg="← in" cp_id=AC2 type=CALLRESULT action=StartTransaction msg_id=573c4d61-6685-43e7-98bc-5501a44427f0 payload="{\"idTagInfo\":{\"status\":\"Accepted\"},\"transactionId\":1002}" rt_ms=0
time=2026-06-02T12:03:54.515+05:30 level=INFO msg="→ out" cp_id=AC2 action=StatusNotification msg_id=6bfd2801-9da7-40ee-940f-be8f8b20b67b payload="{\"connectorId\":2,\"errorCode\":\"NoError\",\"status\":\"Charging\",\"timestamp\":\"2026-06-02T06:33:54.515928Z\"}"
time=2026-06-02T12:03:54.515+05:30 level=INFO msg="transaction started" cp_id=AC2 tx_id=1002 meter_start_wh=0
time=2026-06-02T12:03:54.516+05:30 level=INFO msg="← in" cp_id=AC2 type=CALLRESULT action=StatusNotification msg_id=6bfd2801-9da7-40ee-940f-be8f8b20b67b payload={} rt_ms=0
time=2026-06-02T12:03:58.352+05:30 level=INFO msg="→ out" cp_id=AC2 action=MeterValues msg_id=165051f5-4d4a-4189-8fad-9fb812cebfed payload="{\"connectorId\":2,\"transactionId\":1002,\"meterValue\":[{\"timestamp\":\"2026-06-02T06:33:58.3522213Z\",\"sampledValue\":[{\"value\":\"23\",\"context\":\"Sample.Periodic\",\"measurand\":\"Energy.Active.Import.Register\",\"location\":\"Outlet\",\"unit\":\"Wh\"},{\"value\":\"22000.0\",\"context\":\"Sample.Periodic\",\"measurand\":\"Power.Active.Import\",\"location\":\"Outlet\",\"unit\":\"W\"},{\"value\":\"399.4\",\"context\":\"Sample.Periodic\",\"measurand\":\"Voltage\",\"phase\":\"L1\",\"location\":\"Outlet\",\"unit\":\"V\"},{\"value\":\"32.08\",\"context\":\"Sample.Periodic\",\"measurand\":\"Current.Import\",\"phase\":\"L1\",\"location\":\"Outlet\",\"unit\":\"A\"},{\"value\":\"399.4\",\"context\":\"Sample.Periodic\",\"measurand\":\"Voltage\",\"phase\":\"L2\",\"location\":\"Outlet\",\"unit\":\"V\"},{\"value\":\"32.08\",\"context\":\"Sample.Periodic\",\"measurand\":\"Current.Import\",\"phase\":\"L2\",\"location\":\"Outlet\",\"unit\":\"A\"},{\"value\":\"399.4\",\"context\":\"Sample.Periodic\",\"measurand\":\"Voltage\",\"phase\":\"L3\",\"location\":\"Outlet\",\"unit\":\"V\"},{\"value\":\"32.08\",\"context\":\"Sample.Periodic\",\"measurand\":\"Current.Import\",\"phase\":\"L3\",\"location\":\"Outlet\",\"unit\":\"A\"}]}]}"
time=2026-06-02T12:03:58.353+05:30 level=INFO msg="meter sample" cp_id=AC2 connector=2 tx_id=1002 energy_wh=23 power_w=22000 current_a=32.1 voltage_v=399.4 soc=0.0
time=2026-06-02T12:03:58.354+05:30 level=INFO msg="← in" cp_id=AC2 type=CALLRESULT action=MeterValues msg_id=165051f5-4d4a-4189-8fad-9fb812cebfed payload={} rt_ms=2
time=2026-06-02T12:03:58.539+05:30 level=INFO msg="[event] stop charging" cp_id=AC2 connector=2
time=2026-06-02T12:03:58.540+05:30 level=INFO msg="→ out" cp_id=AC2 action=StatusNotification msg_id=bf67a39b-2c6f-42df-bcb8-fd29eb231c14 payload="{\"connectorId\":2,\"errorCode\":\"NoError\",\"status\":\"Finishing\",\"timestamp\":\"2026-06-02T06:33:58.5403732Z\"}"
time=2026-06-02T12:03:58.540+05:30 level=INFO msg="→ out" cp_id=AC2 action=StopTransaction msg_id=5e83aef3-463d-4301-a606-1b5ded269745 payload="{\"idTag\":\"RFID2\",\"meterStop\":24,\"timestamp\":\"2026-06-02T06:33:58.5403732Z\",\"transactionId\":1002,\"reason\":\"Local\"}"
time=2026-06-02T12:03:58.540+05:30 level=INFO msg="← in" cp_id=AC2 type=CALLRESULT action=StatusNotification msg_id=bf67a39b-2c6f-42df-bcb8-fd29eb231c14 payload={} rt_ms=0
time=2026-06-02T12:03:58.541+05:30 level=INFO msg="← in" cp_id=AC2 type=CALLRESULT action=StopTransaction msg_id=5e83aef3-463d-4301-a606-1b5ded269745 payload="{\"idTagInfo\":{\"status\":\"Accepted\"}}" rt_ms=0
time=2026-06-02T12:03:58.541+05:30 level=INFO msg="transaction stopped" cp_id=AC2 tx_id=1002 energy_wh=24 duration=4s reason=Local
time=2026-06-02T12:03:58.541+05:30 level=INFO msg="→ out" cp_id=AC2 action=StatusNotification msg_id=c0b7f916-91c5-4279-9c53-db87bc1e574b payload="{\"connectorId\":2,\"errorCode\":\"NoError\",\"status\":\"Available\",\"timestamp\":\"2026-06-02T06:33:58.5419669Z\"}"
time=2026-06-02T12:03:58.542+05:30 level=INFO msg="← in" cp_id=AC2 type=CALLRESULT action=StatusNotification msg_id=c0b7f916-91c5-4279-9c53-db87bc1e574b payload={} rt_ms=0
time=2026-06-02T12:03:59.151+05:30 level=INFO msg="shutting down" cp_id=AC2 reason="context canceled"
time=2026-06-02T12:03:59.151+05:30 level=INFO msg="charger configured" cp_id=DC1 cms_url=ws://localhost:9000/ocpp/DC1 max_w=60000 phases=0
time=2026-06-02T12:03:59.151+05:30 level=INFO msg=connecting cp_id=DC1 url=ws://localhost:9000/ocpp/DC1
time=2026-06-02T12:03:59.168+05:30 level=INFO msg="ws connected" cp_id=DC1 layer=ws url=ws://localhost:9000/ocpp/DC1 subprotocol=ocpp1.6
time=2026-06-02T12:03:59.169+05:30 level=INFO msg="→ out" cp_id=DC1 action=BootNotification msg_id=e0df2ecc-8d97-4022-b7aa-603aa2307688 payload="{\"chargePointVendor\":\"TobOR Sim\",\"chargePointModel\":\"Virtual DC 60kW\",\"chargePointSerialNumber\":\"DC1\",\"firmwareVersion\":\"0.1.0-sim\"}"
time=2026-06-02T12:03:59.169+05:30 level=INFO msg="← in" cp_id=DC1 type=CALLRESULT action=BootNotification msg_id=e0df2ecc-8d97-4022-b7aa-603aa2307688 payload="{\"currentTime\":\"2026-06-02T06:33:59.1697028Z\",\"interval\":30,\"status\":\"Accepted\"}" rt_ms=0
time=2026-06-02T12:03:59.170+05:30 level=INFO msg="boot accepted" cp_id=DC1 interval=30s cms_time=2026-06-02T06:33:59Z
time=2026-06-02T12:03:59.170+05:30 level=INFO msg="→ out" cp_id=DC1 action=StatusNotification msg_id=a4f1d73d-35f3-4565-9ea3-70353d60dfe8 payload="{\"connectorId\":0,\"errorCode\":\"NoError\",\"status\":\"Available\",\"timestamp\":\"2026-06-02T06:33:59.1705441Z\"}"
time=2026-06-02T12:03:59.170+05:30 level=INFO msg="→ out" cp_id=DC1 action=StatusNotification msg_id=d97a31db-79b3-4dc3-93f5-452705eb100b payload="{\"connectorId\":1,\"errorCode\":\"NoError\",\"status\":\"Available\",\"timestamp\":\"2026-06-02T06:33:59.1705441Z\"}"
time=2026-06-02T12:03:59.171+05:30 level=INFO msg="← in" cp_id=DC1 type=CALLRESULT action=StatusNotification msg_id=a4f1d73d-35f3-4565-9ea3-70353d60dfe8 payload={} rt_ms=0
time=2026-06-02T12:03:59.171+05:30 level=INFO msg="← in" cp_id=DC1 type=CALLRESULT action=StatusNotification msg_id=d97a31db-79b3-4dc3-93f5-452705eb100b payload={} rt_ms=1
time=2026-06-02T12:04:00.007+05:30 level=INFO msg="[event] plug-in" cp_id=DC1 connector=1
time=2026-06-02T12:04:00.018+05:30 level=INFO msg="→ out" cp_id=DC1 action=StatusNotification msg_id=38af34fa-cbea-428b-9530-41199547d9d7 payload="{\"connectorId\":1,\"errorCode\":\"NoError\",\"status\":\"Preparing\",\"timestamp\":\"2026-06-02T06:34:00.01857Z\"}"
time=2026-06-02T12:04:00.019+05:30 level=INFO msg="← in" cp_id=DC1 type=CALLRESULT action=StatusNotification msg_id=38af34fa-cbea-428b-9530-41199547d9d7 payload={} rt_ms=0
time=2026-06-02T12:04:00.336+05:30 level=INFO msg="[event] start charging" cp_id=DC1 connector=1 id_tag=DCRFID
time=2026-06-02T12:04:00.347+05:30 level=INFO msg="→ out" cp_id=DC1 action=Authorize msg_id=187d0c08-48d4-4214-b760-06e955d352ff payload="{\"idTag\":\"DCRFID\"}"
time=2026-06-02T12:04:00.347+05:30 level=INFO msg="← in" cp_id=DC1 type=CALLRESULT action=Authorize msg_id=187d0c08-48d4-4214-b760-06e955d352ff payload="{\"idTagInfo\":{\"status\":\"Accepted\"}}" rt_ms=0
time=2026-06-02T12:04:00.348+05:30 level=INFO msg="authorize accepted" cp_id=DC1 id_tag=DCRFID
time=2026-06-02T12:04:00.348+05:30 level=INFO msg="→ out" cp_id=DC1 action=StartTransaction msg_id=4af7f68d-7723-4f94-8de3-2f83474c1b2a payload="{\"connectorId\":1,\"idTag\":\"DCRFID\",\"meterStart\":0,\"timestamp\":\"2026-06-02T06:34:00.3481085Z\"}"
time=2026-06-02T12:04:00.348+05:30 level=INFO msg="← in" cp_id=DC1 type=CALLRESULT action=StartTransaction msg_id=4af7f68d-7723-4f94-8de3-2f83474c1b2a payload="{\"idTagInfo\":{\"status\":\"Accepted\"},\"transactionId\":1003}" rt_ms=0
time=2026-06-02T12:04:00.349+05:30 level=INFO msg="→ out" cp_id=DC1 action=StatusNotification msg_id=bba64e61-3c19-477d-9bdc-be4f09d6619d payload="{\"connectorId\":1,\"errorCode\":\"NoError\",\"status\":\"Charging\",\"timestamp\":\"2026-06-02T06:34:00.3491488Z\"}"
time=2026-06-02T12:04:00.349+05:30 level=INFO msg="transaction started" cp_id=DC1 tx_id=1003 meter_start_wh=0
time=2026-06-02T12:04:00.349+05:30 level=INFO msg="← in" cp_id=DC1 type=CALLRESULT action=StatusNotification msg_id=bba64e61-3c19-477d-9bdc-be4f09d6619d payload={} rt_ms=0
time=2026-06-02T12:04:04.169+05:30 level=INFO msg="→ out" cp_id=DC1 action=MeterValues msg_id=2df22fe9-15c1-4d96-ab9a-b318c0d21dcd payload="{\"connectorId\":1,\"transactionId\":1003,\"meterValue\":[{\"timestamp\":\"2026-06-02T06:34:04.1698195Z\",\"sampledValue\":[{\"value\":\"63\",\"context\":\"Sample.Periodic\",\"measurand\":\"Energy.Active.Import.Register\",\"location\":\"Outlet\",\"unit\":\"Wh\"},{\"value\":\"60000.0\",\"context\":\"Sample.Periodic\",\"measurand\":\"Power.Active.Import\",\"location\":\"Outlet\",\"unit\":\"W\"},{\"value\":\"395.1\",\"context\":\"Sample.Periodic\",\"measurand\":\"Voltage\",\"location\":\"Outlet\",\"unit\":\"V\"},{\"value\":\"151.85\",\"context\":\"Sample.Periodic\",\"measurand\":\"Current.Import\",\"location\":\"Outlet\",\"unit\":\"A\"},{\"value\":\"75.1\",\"context\":\"Sample.Periodic\",\"measurand\":\"SoC\",\"location\":\"EV\",\"unit\":\"Percent\"}]}]}"
time=2026-06-02T12:04:04.206+05:30 level=INFO msg="meter sample" cp_id=DC1 connector=1 tx_id=1003 energy_wh=63 power_w=60000 current_a=151.8 voltage_v=395.1 soc=75.1
time=2026-06-02T12:04:04.207+05:30 level=INFO msg="← in" cp_id=DC1 type=CALLRESULT action=MeterValues msg_id=2df22fe9-15c1-4d96-ab9a-b318c0d21dcd payload={} rt_ms=37
time=2026-06-02T12:04:05.391+05:30 level=INFO msg="[event] stop charging" cp_id=DC1 connector=1
time=2026-06-02T12:04:05.392+05:30 level=INFO msg="→ out" cp_id=DC1 action=StatusNotification msg_id=98f92405-e98e-469c-813d-3a8f72da9f9c payload="{\"connectorId\":1,\"errorCode\":\"NoError\",\"status\":\"Finishing\",\"timestamp\":\"2026-06-02T06:34:05.392696Z\"}"
time=2026-06-02T12:04:05.393+05:30 level=INFO msg="→ out" cp_id=DC1 action=StopTransaction msg_id=62a2619c-7a75-4467-9405-ad87742b78d1 payload="{\"idTag\":\"DCRFID\",\"meterStop\":84,\"timestamp\":\"2026-06-02T06:34:05.392696Z\",\"transactionId\":1003,\"reason\":\"Local\"}"
time=2026-06-02T12:04:05.393+05:30 level=INFO msg="← in" cp_id=DC1 type=CALLRESULT action=StatusNotification msg_id=98f92405-e98e-469c-813d-3a8f72da9f9c payload={} rt_ms=0
time=2026-06-02T12:04:05.393+05:30 level=INFO msg="← in" cp_id=DC1 type=CALLRESULT action=StopTransaction msg_id=62a2619c-7a75-4467-9405-ad87742b78d1 payload="{\"idTagInfo\":{\"status\":\"Accepted\"}}" rt_ms=0
time=2026-06-02T12:04:05.394+05:30 level=INFO msg="transaction stopped" cp_id=DC1 tx_id=1003 energy_wh=84 duration=5s reason=Local
time=2026-06-02T12:04:05.394+05:30 level=INFO msg="→ out" cp_id=DC1 action=StatusNotification msg_id=0cd447a7-e907-42c2-8f3f-8535125d121e payload="{\"connectorId\":1,\"errorCode\":\"NoError\",\"status\":\"Available\",\"timestamp\":\"2026-06-02T06:34:05.3943381Z\"}"
time=2026-06-02T12:04:05.394+05:30 level=INFO msg="← in" cp_id=DC1 type=CALLRESULT action=StatusNotification msg_id=0cd447a7-e907-42c2-8f3f-8535125d121e payload={} rt_ms=0
time=2026-06-02T12:04:06.003+05:30 level=INFO msg="shutting down" cp_id=DC1 reason="context canceled"
time=2026-06-02T12:04:06.003+05:30 level=INFO msg="charger configured" cp_id=DC2 cms_url=ws://localhost:9000/ocpp/DC2 max_w=60000 phases=0
time=2026-06-02T12:04:06.003+05:30 level=INFO msg=connecting cp_id=DC2 url=ws://localhost:9000/ocpp/DC2
time=2026-06-02T12:04:06.019+05:30 level=INFO msg="ws connected" cp_id=DC2 layer=ws url=ws://localhost:9000/ocpp/DC2 subprotocol=ocpp1.6
time=2026-06-02T12:04:06.020+05:30 level=INFO msg="→ out" cp_id=DC2 action=BootNotification msg_id=e2bce27f-0a77-457b-9ee9-f0a40a6f2e11 payload="{\"chargePointVendor\":\"TobOR Sim\",\"chargePointModel\":\"Virtual DC 60kW\",\"chargePointSerialNumber\":\"DC2\",\"firmwareVersion\":\"0.1.0-sim\"}"
time=2026-06-02T12:04:06.020+05:30 level=INFO msg="← in" cp_id=DC2 type=CALLRESULT action=BootNotification msg_id=e2bce27f-0a77-457b-9ee9-f0a40a6f2e11 payload="{\"currentTime\":\"2026-06-02T06:34:06.0206184Z\",\"interval\":30,\"status\":\"Accepted\"}" rt_ms=0
time=2026-06-02T12:04:06.020+05:30 level=INFO msg="boot accepted" cp_id=DC2 interval=30s cms_time=2026-06-02T06:34:06Z
time=2026-06-02T12:04:06.021+05:30 level=INFO msg="→ out" cp_id=DC2 action=StatusNotification msg_id=632740eb-6ae7-4eba-8000-23ac8cbddcaf payload="{\"connectorId\":0,\"errorCode\":\"NoError\",\"status\":\"Available\",\"timestamp\":\"2026-06-02T06:34:06.0211633Z\"}"
time=2026-06-02T12:04:06.021+05:30 level=INFO msg="→ out" cp_id=DC2 action=StatusNotification msg_id=85517250-27a0-4e34-b0ad-bb6955a86055 payload="{\"connectorId\":1,\"errorCode\":\"NoError\",\"status\":\"Available\",\"timestamp\":\"2026-06-02T06:34:06.0211633Z\"}"
time=2026-06-02T12:04:06.021+05:30 level=INFO msg="→ out" cp_id=DC2 action=StatusNotification msg_id=b302c12f-e6b8-405d-8eb7-e2cff4c4e327 payload="{\"connectorId\":2,\"errorCode\":\"NoError\",\"status\":\"Available\",\"timestamp\":\"2026-06-02T06:34:06.0217032Z\"}"
time=2026-06-02T12:04:06.021+05:30 level=INFO msg="← in" cp_id=DC2 type=CALLRESULT action=StatusNotification msg_id=632740eb-6ae7-4eba-8000-23ac8cbddcaf payload={} rt_ms=0
time=2026-06-02T12:04:06.022+05:30 level=INFO msg="← in" cp_id=DC2 type=CALLRESULT action=StatusNotification msg_id=85517250-27a0-4e34-b0ad-bb6955a86055 payload={} rt_ms=1
time=2026-06-02T12:04:06.022+05:30 level=INFO msg="← in" cp_id=DC2 type=CALLRESULT action=StatusNotification msg_id=b302c12f-e6b8-405d-8eb7-e2cff4c4e327 payload={} rt_ms=0
time=2026-06-02T12:04:06.834+05:30 level=INFO msg="[event] plug-in" cp_id=DC2 connector=1
time=2026-06-02T12:04:06.844+05:30 level=INFO msg="→ out" cp_id=DC2 action=StatusNotification msg_id=1caaa381-d5dd-4345-a4a4-a714bfbd9532 payload="{\"connectorId\":1,\"errorCode\":\"NoError\",\"status\":\"Preparing\",\"timestamp\":\"2026-06-02T06:34:06.8442547Z\"}"
time=2026-06-02T12:04:06.845+05:30 level=INFO msg="← in" cp_id=DC2 type=CALLRESULT action=StatusNotification msg_id=1caaa381-d5dd-4345-a4a4-a714bfbd9532 payload={} rt_ms=1
time=2026-06-02T12:04:07.167+05:30 level=INFO msg="[event] start charging" cp_id=DC2 connector=1 id_tag=RFID1
time=2026-06-02T12:04:07.178+05:30 level=INFO msg="→ out" cp_id=DC2 action=Authorize msg_id=e328c365-1daf-451b-a07d-625872f33c52 payload="{\"idTag\":\"RFID1\"}"
time=2026-06-02T12:04:07.179+05:30 level=INFO msg="← in" cp_id=DC2 type=CALLRESULT action=Authorize msg_id=e328c365-1daf-451b-a07d-625872f33c52 payload="{\"idTagInfo\":{\"status\":\"Accepted\"}}" rt_ms=0
time=2026-06-02T12:04:07.179+05:30 level=INFO msg="authorize accepted" cp_id=DC2 id_tag=RFID1
time=2026-06-02T12:04:07.179+05:30 level=INFO msg="→ out" cp_id=DC2 action=StartTransaction msg_id=bb88b7c5-e280-4307-ae05-9bd0dd35c343 payload="{\"connectorId\":1,\"idTag\":\"RFID1\",\"meterStart\":0,\"timestamp\":\"2026-06-02T06:34:07.1797064Z\"}"
time=2026-06-02T12:04:07.180+05:30 level=INFO msg="← in" cp_id=DC2 type=CALLRESULT action=StartTransaction msg_id=bb88b7c5-e280-4307-ae05-9bd0dd35c343 payload="{\"idTagInfo\":{\"status\":\"Accepted\"},\"transactionId\":1004}" rt_ms=0
time=2026-06-02T12:04:07.180+05:30 level=INFO msg="→ out" cp_id=DC2 action=StatusNotification msg_id=925e6e3b-940f-4272-a5fd-9d91e0dcb39e payload="{\"connectorId\":1,\"errorCode\":\"NoError\",\"status\":\"Charging\",\"timestamp\":\"2026-06-02T06:34:07.1802367Z\"}"
time=2026-06-02T12:04:07.180+05:30 level=INFO msg="transaction started" cp_id=DC2 tx_id=1004 meter_start_wh=0
time=2026-06-02T12:04:07.180+05:30 level=INFO msg="← in" cp_id=DC2 type=CALLRESULT action=StatusNotification msg_id=925e6e3b-940f-4272-a5fd-9d91e0dcb39e payload={} rt_ms=0
time=2026-06-02T12:04:11.021+05:30 level=INFO msg="→ out" cp_id=DC2 action=MeterValues msg_id=0be7f804-aba3-40b1-b20b-f136d8283021 payload="{\"connectorId\":1,\"transactionId\":1004,\"meterValue\":[{\"timestamp\":\"2026-06-02T06:34:11.0211198Z\",\"sampledValue\":[{\"value\":\"64\",\"context\":\"Sample.Periodic\",\"measurand\":\"Energy.Active.Import.Register\",\"location\":\"Outlet\",\"unit\":\"Wh\"},{\"value\":\"60000.0\",\"context\":\"Sample.Periodic\",\"measurand\":\"Power.Active.Import\",\"location\":\"Outlet\",\"unit\":\"W\"},{\"value\":\"340.1\",\"context\":\"Sample.Periodic\",\"measurand\":\"Voltage\",\"location\":\"Outlet\",\"unit\":\"V\"},{\"value\":\"176.40\",\"context\":\"Sample.Periodic\",\"measurand\":\"Current.Import\",\"location\":\"Outlet\",\"unit\":\"A\"},{\"value\":\"20.1\",\"context\":\"Sample.Periodic\",\"measurand\":\"SoC\",\"location\":\"EV\",\"unit\":\"Percent\"}]}]}"
time=2026-06-02T12:04:11.021+05:30 level=INFO msg="meter sample" cp_id=DC2 connector=1 tx_id=1004 energy_wh=64 power_w=60000 current_a=176.4 voltage_v=340.1 soc=20.1
time=2026-06-02T12:04:11.023+05:30 level=INFO msg="← in" cp_id=DC2 type=CALLRESULT action=MeterValues msg_id=0be7f804-aba3-40b1-b20b-f136d8283021 payload={} rt_ms=2
time=2026-06-02T12:04:12.185+05:30 level=INFO msg="[event] plug-in" cp_id=DC2 connector=2
time=2026-06-02T12:04:12.195+05:30 level=INFO msg="→ out" cp_id=DC2 action=StatusNotification msg_id=6d4e0b0b-0ad2-4859-848c-7c2f1fe1de05 payload="{\"connectorId\":2,\"errorCode\":\"NoError\",\"status\":\"Preparing\",\"timestamp\":\"2026-06-02T06:34:12.1959305Z\"}"
time=2026-06-02T12:04:12.197+05:30 level=INFO msg="← in" cp_id=DC2 type=CALLRESULT action=StatusNotification msg_id=6d4e0b0b-0ad2-4859-848c-7c2f1fe1de05 payload={} rt_ms=1
time=2026-06-02T12:04:12.517+05:30 level=INFO msg="[event] start charging" cp_id=DC2 connector=2 id_tag=RFID2
time=2026-06-02T12:04:12.528+05:30 level=INFO msg="→ out" cp_id=DC2 action=Authorize msg_id=5f43596b-ab48-463c-b8dd-c7e4521f330e payload="{\"idTag\":\"RFID2\"}"
time=2026-06-02T12:04:12.529+05:30 level=INFO msg="← in" cp_id=DC2 type=CALLRESULT action=Authorize msg_id=5f43596b-ab48-463c-b8dd-c7e4521f330e payload="{\"idTagInfo\":{\"status\":\"Accepted\"}}" rt_ms=0
time=2026-06-02T12:04:12.529+05:30 level=INFO msg="authorize accepted" cp_id=DC2 id_tag=RFID2
time=2026-06-02T12:04:12.529+05:30 level=INFO msg="→ out" cp_id=DC2 action=StartTransaction msg_id=86d186d3-b6f5-4c88-bd05-006fc4aef16a payload="{\"connectorId\":2,\"idTag\":\"RFID2\",\"meterStart\":0,\"timestamp\":\"2026-06-02T06:34:12.5296454Z\"}"
time=2026-06-02T12:04:12.530+05:30 level=INFO msg="← in" cp_id=DC2 type=CALLRESULT action=StartTransaction msg_id=86d186d3-b6f5-4c88-bd05-006fc4aef16a payload="{\"idTagInfo\":{\"status\":\"Accepted\"},\"transactionId\":1005}" rt_ms=0
time=2026-06-02T12:04:12.530+05:30 level=INFO msg="→ out" cp_id=DC2 action=StatusNotification msg_id=e64b22e4-8314-4e27-b4c1-b415e7b9aeba payload="{\"connectorId\":2,\"errorCode\":\"NoError\",\"status\":\"Charging\",\"timestamp\":\"2026-06-02T06:34:12.5301859Z\"}"
time=2026-06-02T12:04:12.530+05:30 level=INFO msg="transaction started" cp_id=DC2 tx_id=1005 meter_start_wh=0
time=2026-06-02T12:04:12.530+05:30 level=INFO msg="← in" cp_id=DC2 type=CALLRESULT action=StatusNotification msg_id=e64b22e4-8314-4e27-b4c1-b415e7b9aeba payload={} rt_ms=0
time=2026-06-02T12:04:16.021+05:30 level=INFO msg="→ out" cp_id=DC2 action=MeterValues msg_id=798b6a91-58da-4539-bea8-861d26cead89 payload="{\"connectorId\":1,\"transactionId\":1004,\"meterValue\":[{\"timestamp\":\"2026-06-02T06:34:16.0210079Z\",\"sampledValue\":[{\"value\":\"147\",\"context\":\"Sample.Periodic\",\"measurand\":\"Energy.Active.Import.Register\",\"location\":\"Outlet\",\"unit\":\"Wh\"},{\"value\":\"60000.0\",\"context\":\"Sample.Periodic\",\"measurand\":\"Power.Active.Import\",\"location\":\"Outlet\",\"unit\":\"W\"},{\"value\":\"340.3\",\"context\":\"Sample.Periodic\",\"measurand\":\"Voltage\",\"location\":\"Outlet\",\"unit\":\"V\"},{\"value\":\"176.32\",\"context\":\"Sample.Periodic\",\"measurand\":\"Current.Import\",\"location\":\"Outlet\",\"unit\":\"A\"},{\"value\":\"20.3\",\"context\":\"Sample.Periodic\",\"measurand\":\"SoC\",\"location\":\"EV\",\"unit\":\"Percent\"}]}]}"
time=2026-06-02T12:04:16.021+05:30 level=INFO msg="meter sample" cp_id=DC2 connector=1 tx_id=1004 energy_wh=147 power_w=60000 current_a=176.3 voltage_v=340.3 soc=20.3
time=2026-06-02T12:04:16.022+05:30 level=INFO msg="→ out" cp_id=DC2 action=MeterValues msg_id=87cfb918-36dd-401e-878f-69ae4657309d payload="{\"connectorId\":2,\"transactionId\":1005,\"meterValue\":[{\"timestamp\":\"2026-06-02T06:34:16.0223291Z\",\"sampledValue\":[{\"value\":\"58\",\"context\":\"Sample.Periodic\",\"measurand\":\"Energy.Active.Import.Register\",\"location\":\"Outlet\",\"unit\":\"Wh\"},{\"value\":\"60000.0\",\"context\":\"Sample.Periodic\",\"measurand\":\"Power.Active.Import\",\"location\":\"Outlet\",\"unit\":\"W\"},{\"value\":\"340.1\",\"context\":\"Sample.Periodic\",\"measurand\":\"Voltage\",\"location\":\"Outlet\",\"unit\":\"V\"},{\"value\":\"176.41\",\"context\":\"Sample.Periodic\",\"measurand\":\"Current.Import\",\"location\":\"Outlet\",\"unit\":\"A\"},{\"value\":\"20.1\",\"context\":\"Sample.Periodic\",\"measurand\":\"SoC\",\"location\":\"EV\",\"unit\":\"Percent\"}]}]}"
time=2026-06-02T12:04:16.023+05:30 level=INFO msg="meter sample" cp_id=DC2 connector=2 tx_id=1005 energy_wh=58 power_w=60000 current_a=176.4 voltage_v=340.1 soc=20.1
time=2026-06-02T12:04:16.024+05:30 level=INFO msg="← in" cp_id=DC2 type=CALLRESULT action=MeterValues msg_id=798b6a91-58da-4539-bea8-861d26cead89 payload={} rt_ms=3
time=2026-06-02T12:04:16.025+05:30 level=INFO msg="← in" cp_id=DC2 type=CALLRESULT action=MeterValues msg_id=87cfb918-36dd-401e-878f-69ae4657309d payload={} rt_ms=2
